src/app/analysis/page.tsx(14,11): error TS2339: Property 'analysisId' does not exist on type 'PipelineContext'.
src/app/analysis/page.tsx(14,23): error TS2339: Property 'datasetId' does not exist on type 'PipelineContext'.
src/app/analysis/page.tsx(14,34): error TS2339: Property 'targetColumn' does not exist on type 'PipelineContext'.
src/app/analysis/page.tsx(14,48): error TS2339: Property 'sensitiveColumns' does not exist on type 'PipelineContext'.
src/app/analysis/page.tsx(89,53): error TS2551: Property 'fairnessScore' does not exist on type 'PipelineContext'. Did you mean 'fairness_score'?
src/app/analysis/page.tsx(128,66): error TS2551: Property 'rowCount' does not exist on type 'PipelineContext'. Did you mean 'row_count'?
src/app/analysis/page.tsx(128,90): error TS2551: Property 'rowCount' does not exist on type 'PipelineContext'. Did you mean 'row_count'?
src/app/explainability/page.tsx(13,11): error TS2339: Property 'analysisId' does not exist on type 'PipelineContext'.
src/app/mitigation/page.tsx(21,11): error TS2339: Property 'analysisId' does not exist on type 'PipelineContext'.
src/app/mitigation/page.tsx(28,44): error TS2551: Property 'fairnessScore' does not exist on type 'PipelineContext'. Did you mean 'fairness_score'?
src/app/reports/page.tsx(13,11): error TS2339: Property 'analysisId' does not exist on type 'PipelineContext'.
src/app/reports/page.tsx(14,34): error TS2551: Property 'fairnessScore' does not exist on type 'PipelineContext'. Did you mean 'fairness_score'?
src/app/reports/page.tsx(58,30): error TS2551: Property 'fairnessScore' does not exist on type 'PipelineContext'. Did you mean 'fairness_score'?
src/app/reports/page.tsx(59,30): error TS2551: Property 'analysisId' does not exist on type 'PipelineContext'. Did you mean 'analysis_id'?
src/app/simulation/page.tsx(14,11): error TS2339: Property 'analysisId' does not exist on type 'PipelineContext'.
src/app/simulation/page.tsx(87,17): error TS2561: Object literal may only specify known properties, but 'totalApplicants' does not exist in type 'SimulationResult'. Did you mean to write 'total_applicants'?
src/components/autofix/FixSuggestions.tsx(21,32): error TS2551: Property 'afterScore' does not exist on type 'FixStrategy'. Did you mean 'after_score'?
src/components/autofix/FixSuggestions.tsx(21,54): error TS2551: Property 'beforeScore' does not exist on type 'FixStrategy'. Did you mean 'before_score'?
src/components/autofix/FixSuggestions.tsx(76,45): error TS2551: Property 'beforeScore' does not exist on type 'FixStrategy'. Did you mean 'before_score'?
src/components/autofix/FixSuggestions.tsx(77,94): error TS2551: Property 'beforeScore' does not exist on type 'FixStrategy'. Did you mean 'before_score'?
src/components/autofix/FixSuggestions.tsx(87,45): error TS2551: Property 'afterScore' does not exist on type 'FixStrategy'. Did you mean 'after_score'?
src/components/autofix/FixSuggestions.tsx(88,94): error TS2551: Property 'afterScore' does not exist on type 'FixStrategy'. Did you mean 'after_score'?
src/components/simulation/SimulationSlider.tsx(13,26): error TS2551: Property 'totalApplicants' does not exist on type 'SimulationResult'. Did you mean 'total_applicants'?
src/components/simulation/SimulationSlider.tsx(14,44): error TS2551: Property 'unfairRejections' does not exist on type 'SimulationResult'. Did you mean 'unfair_rejections'?
src/components/simulation/SimulationSlider.tsx(15,38): error TS2551: Property 'costOfBias' does not exist on type 'SimulationResult'. Did you mean 'cost_of_bias'?
src/components/simulation/SimulationSlider.tsx(16,31): error TS2551: Property 'affectedGroups' does not exist on type 'SimulationResult'. Did you mean 'affected_groups'?
src/components/simulation/SimulationSlider.tsx(16,51): error TS7006: Parameter 'g' implicitly has an 'any' type.
src/components/simulation/SimulationSlider.tsx(23,12): error TS2561: Object literal may only specify known properties, but 'totalApplicants' does not exist in type 'SimulationResult'. Did you mean to write 'total_applicants'?
src/components/simulation/SimulationSlider.tsx(36,41): error TS2551: Property 'unfairRejections' does not exist on type 'SimulationResult'. Did you mean 'unfair_rejections'?
src/components/simulation/SimulationSlider.tsx(59,21): error TS2551: Property 'totalApplicants' does not exist on type 'SimulationResult'. Did you mean 'total_applicants'?
src/components/simulation/SimulationSlider.tsx(76,55): error TS2551: Property 'unfairRejections' does not exist on type 'SimulationResult'. Did you mean 'unfair_rejections'?
src/components/simulation/SimulationSlider.tsx(77,55): error TS2551: Property 'costOfBias' does not exist on type 'SimulationResult'. Did you mean 'cost_of_bias'?
src/components/simulation/SimulationSlider.tsx(105,17): error TS2551: Property 'affectedGroups' does not exist on type 'SimulationResult'. Did you mean 'affected_groups'?
src/components/simulation/SimulationSlider.tsx(110,18): error TS2551: Property 'affectedGroups' does not exist on type 'SimulationResult'. Did you mean 'affected_groups'?
src/components/simulation/SimulationSlider.tsx(110,38): error TS7006: Parameter 'g' implicitly has an 'any' type.
src/components/simulation/SimulationSlider.tsx(110,41): error TS7006: Parameter 'i' implicitly has an 'any' type.
src/components/simulation/SimulationSlider.tsx(160,18): error TS2551: Property 'plainLanguageImpact' does not exist on type 'SimulationResult'. Did you mean 'plain_language_impact'?
src/components/ui/RiskBadge.tsx(35,26): error TS2551: Property 'Low' does not exist on type '{ low: { label: string; className: string; dot: string; }; medium: { label: string; className: string; dot: string; }; high: { label: string; className: string; dot: string; }; }'. Did you mean 'low'?
